TAP version 13
# {"timestamp":"2026-10-03T18:27:37.964Z","severity":"INFO","component":"target-api","event":"request_completed","requestId":"1efbe0445e9548abb76fadee831236e0","correlationId":"89d13026-f7c8-41c0-a286-88ff04da6469","deploymentId":"development","tenantId":"t5-7e6e07b6-50f9-4d89-983d-c523c16ef659","moduleId":"knowledge","actorKind":"HUMAN","actorId":"e75f1ea6-cf00-4aa6-86e8-654edcd7e588","sessionId":"b68b9106-6fdf-4eff-a435-74fd47e37307","authorizationVersion":1,"source":"KNOWLEDGE_API","initiatorActorId":"e75f1ea6-cf00-4aa6-86e8-654edcd7e588","status":"201","durationMs":14,"errorClass":null,"method":"POST","route":"/documents","endpointId":null,"modelId":null,"runId":null,"aiTask":null,"attemptCount":null,"inputTokens":null,"outputTokens":null}
# {"timestamp":"2026-10-03T18:27:37.984Z","severity":"INFO","component":"target-api","event":"request_completed","requestId":"8bef287a9bbf4ebc8dade8e1dbc933f6","correlationId":"7400f7f2-43c2-4fbb-be20-fe755db33ad5","deploymentId":"development","tenantId":"t5-7e6e07b6-50f9-4d89-983d-c523c16ef659","moduleId":"knowledge","actorKind":"HUMAN","actorId":"e75f1ea6-cf00-4aa6-86e8-654edcd7e588","sessionId":"b68b9106-6fdf-4eff-a435-74fd47e37307","authorizationVersion":1,"source":"KNOWLEDGE_API","initiatorActorId":"e75f1ea6-cf00-4aa6-86e8-654edcd7e588","status":"201","durationMs":18,"errorClass":null,"method":"POST","route":"/transfers","endpointId":null,"modelId":null,"runId":null,"aiTask":null,"attemptCount":null,"inputTokens":null,"outputTokens":null}
# {"timestamp":"2026-10-03T18:27:38.001Z","severity":"INFO","component":"target-api","event":"request_completed","requestId":"fd6fd84cf8a048a785ff4d6f39fb6c59","correlationId":"469b62d0-18cb-4eb1-836c-7ea8d525c39e","deploymentId":"development","tenantId":"t5-7e6e07b6-50f9-4d89-983d-c523c16ef659","moduleId":"knowledge","actorKind":"HUMAN","actorId":"e75f1ea6-cf00-4aa6-86e8-654edcd7e588","sessionId":"b68b9106-6fdf-4eff-a435-74fd47e37307","authorizationVersion":1,"source":"KNOWLEDGE_API","initiatorActorId":"e75f1ea6-cf00-4aa6-86e8-654edcd7e588","status":"200","durationMs":15,"errorClass":null,"method":"PUT","route":"/transfers/:id/parts/:number","endpointId":null,"modelId":null,"runId":null,"aiTask":null,"attemptCount":null,"inputTokens":null,"outputTokens":null}
# {"timestamp":"2026-10-03T18:27:38.034Z","severity":"INFO","component":"target-api","event":"request_completed","requestId":"b946c43d5e8c4c63ba24637eb7d5fc19","correlationId":"e0e2e319-bd22-444c-875f-e0eadff2bc4b","deploymentId":"development","tenantId":"t5-7e6e07b6-50f9-4d89-983d-c523c16ef659","moduleId":"knowledge","actorKind":"HUMAN","actorId":"e75f1ea6-cf00-4aa6-86e8-654edcd7e588","sessionId":"b68b9106-6fdf-4eff-a435-74fd47e37307","authorizationVersion":1,"source":"KNOWLEDGE_API","initiatorActorId":"e75f1ea6-cf00-4aa6-86e8-654edcd7e588","status":"200","durationMs":33,"errorClass":null,"method":"POST","route":"/transfers/:id/complete","endpointId":null,"modelId":null,"runId":null,"aiTask":null,"attemptCount":null,"inputTokens":null,"outputTokens":null}
# {"timestamp":"2026-10-03T18:27:38.077Z","severity":"INFO","component":"target-api","event":"request_completed","requestId":"a1062bacbbaf4cb480a18703d2ebef88","correlationId":"27671b5d-66e7-40a6-855c-71755a494bf0","deploymentId":"development","tenantId":"t5-7e6e07b6-50f9-4d89-983d-c523c16ef659","moduleId":"knowledge","actorKind":"HUMAN","actorId":"e75f1ea6-cf00-4aa6-86e8-654edcd7e588","sessionId":"b68b9106-6fdf-4eff-a435-74fd47e37307","authorizationVersion":1,"source":"KNOWLEDGE_API","initiatorActorId":"e75f1ea6-cf00-4aa6-86e8-654edcd7e588","status":"201","durationMs":6,"errorClass":null,"method":"POST","route":"/spaces","endpointId":null,"modelId":null,"runId":null,"aiTask":null,"attemptCount":null,"inputTokens":null,"outputTokens":null}
# {"timestamp":"2026-10-03T18:27:38.086Z","severity":"INFO","component":"target-api","event":"request_completed","requestId":"943610f09ec540448c1eda0ca8178109","correlationId":"5cfd4c5e-eb94-429a-8e05-592712f0a4dd","deploymentId":"development","tenantId":"t5-7e6e07b6-50f9-4d89-983d-c523c16ef659","moduleId":"knowledge","actorKind":"HUMAN","actorId":"e75f1ea6-cf00-4aa6-86e8-654edcd7e588","sessionId":"b68b9106-6fdf-4eff-a435-74fd47e37307","authorizationVersion":1,"source":"KNOWLEDGE_API","initiatorActorId":"e75f1ea6-cf00-4aa6-86e8-654edcd7e588","status":"204","durationMs":9,"errorClass":null,"method":"PUT","route":"/spaces/:id/memberships/:documentId","endpointId":null,"modelId":null,"runId":null,"aiTask":null,"attemptCount":null,"inputTokens":null,"outputTokens":null}
# {"timestamp":"2026-10-03T18:27:38.323Z","severity":"INFO","component":"ai-router","event":"protected_attempt_completed","requestId":"943610f09ec540448c1eda0ca8178109","correlationId":"5cfd4c5e-eb94-429a-8e05-592712f0a4dd","deploymentId":"development","tenantId":"t5-7e6e07b6-50f9-4d89-983d-c523c16ef659","moduleId":"knowledge","actorKind":"HUMAN","actorId":"e75f1ea6-cf00-4aa6-86e8-654edcd7e588","sessionId":"b68b9106-6fdf-4eff-a435-74fd47e37307","authorizationVersion":1,"source":"KNOWLEDGE_INDEXING_WORKER","initiatorActorId":"e75f1ea6-cf00-4aa6-86e8-654edcd7e588","status":"SUCCEEDED","durationMs":9,"errorClass":null,"method":null,"route":null,"endpointId":"fixture-embed","modelId":"fixture-embedding","runId":"5db1fd2f-92cc-4e2d-b825-eabd8e039925","aiTask":"knowledge.document.embed","attemptCount":1,"inputTokens":3,"outputTokens":0}
# {"timestamp":"2026-10-03T18:27:38.340Z","severity":"INFO","component":"knowledge","event":"index_completed","requestId":"943610f09ec540448c1eda0ca8178109","correlationId":"5cfd4c5e-eb94-429a-8e05-592712f0a4dd","deploymentId":"development","tenantId":"t5-7e6e07b6-50f9-4d89-983d-c523c16ef659","moduleId":"knowledge","actorKind":"HUMAN","actorId":"e75f1ea6-cf00-4aa6-86e8-654edcd7e588","sessionId":"b68b9106-6fdf-4eff-a435-74fd47e37307","authorizationVersion":1,"source":"KNOWLEDGE_INDEXING_WORKER","initiatorActorId":"e75f1ea6-cf00-4aa6-86e8-654edcd7e588","status":"SUCCEEDED","durationMs":252,"errorClass":null,"method":null,"route":null,"endpointId":null,"modelId":null,"runId":null,"aiTask":null,"attemptCount":null,"inputTokens":null,"outputTokens":null}
# {"timestamp":"2026-10-03T18:27:38.362Z","severity":"INFO","component":"ai-router","event":"protected_attempt_completed","requestId":"4a283c9248b84336b4bd8b0f308af5d6","correlationId":"374137d6-518d-4b2d-9d77-b18f9bea9e1f","deploymentId":"development","tenantId":"t5-7e6e07b6-50f9-4d89-983d-c523c16ef659","moduleId":"knowledge","actorKind":"HUMAN","actorId":"e75f1ea6-cf00-4aa6-86e8-654edcd7e588","sessionId":"b68b9106-6fdf-4eff-a435-74fd47e37307","authorizationVersion":1,"source":"KNOWLEDGE_API","initiatorActorId":"e75f1ea6-cf00-4aa6-86e8-654edcd7e588","status":"SUCCEEDED","durationMs":8,"errorClass":null,"method":null,"route":null,"endpointId":"fixture-embed","modelId":"fixture-embedding","runId":"1740b0b2-c509-46b4-ac46-95a35a12a722","aiTask":"knowledge.query.embed","attemptCount":1,"inputTokens":3,"outputTokens":0}
# {"timestamp":"2026-10-03T18:27:38.385Z","severity":"INFO","component":"ai-router","event":"protected_attempt_completed","requestId":"4a283c9248b84336b4bd8b0f308af5d6","correlationId":"374137d6-518d-4b2d-9d77-b18f9bea9e1f","deploymentId":"development","tenantId":"t5-7e6e07b6-50f9-4d89-983d-c523c16ef659","moduleId":"knowledge","actorKind":"HUMAN","actorId":"e75f1ea6-cf00-4aa6-86e8-654edcd7e588","sessionId":"b68b9106-6fdf-4eff-a435-74fd47e37307","authorizationVersion":1,"source":"KNOWLEDGE_API","initiatorActorId":"e75f1ea6-cf00-4aa6-86e8-654edcd7e588","status":"SUCCEEDED","durationMs":7,"errorClass":null,"method":null,"route":null,"endpointId":"fixture-rerank","modelId":"fixture-rerank","runId":"1333e83f-c12d-4518-ad36-b5a3e927ba06","aiTask":"knowledge.rerank","attemptCount":1,"inputTokens":4,"outputTokens":0}
# {"timestamp":"2026-10-03T18:27:38.400Z","severity":"INFO","component":"ai-router","event":"protected_attempt_completed","requestId":"4a283c9248b84336b4bd8b0f308af5d6","correlationId":"374137d6-518d-4b2d-9d77-b18f9bea9e1f","deploymentId":"development","tenantId":"t5-7e6e07b6-50f9-4d89-983d-c523c16ef659","moduleId":"knowledge","actorKind":"HUMAN","actorId":"e75f1ea6-cf00-4aa6-86e8-654edcd7e588","sessionId":"b68b9106-6fdf-4eff-a435-74fd47e37307","authorizationVersion":1,"source":"KNOWLEDGE_API","initiatorActorId":"e75f1ea6-cf00-4aa6-86e8-654edcd7e588","status":"SUCCEEDED","durationMs":6,"errorClass":null,"method":null,"route":null,"endpointId":"fixture-answer","modelId":"fixture-answer","runId":"394ca592-fe03-454c-bfce-c27139ae78af","aiTask":"knowledge.answer","attemptCount":1,"inputTokens":10,"outputTokens":6}
# {"timestamp":"2026-10-03T18:27:38.412Z","severity":"INFO","component":"knowledge","event":"query_completed","requestId":"4a283c9248b84336b4bd8b0f308af5d6","correlationId":"374137d6-518d-4b2d-9d77-b18f9bea9e1f","deploymentId":"development","tenantId":"t5-7e6e07b6-50f9-4d89-983d-c523c16ef659","moduleId":"knowledge","actorKind":"HUMAN","actorId":"e75f1ea6-cf00-4aa6-86e8-654edcd7e588","sessionId":"b68b9106-6fdf-4eff-a435-74fd47e37307","authorizationVersion":1,"source":"KNOWLEDGE_API","initiatorActorId":"e75f1ea6-cf00-4aa6-86e8-654edcd7e588","status":"SUCCEEDED","durationMs":62,"errorClass":null,"method":null,"route":null,"endpointId":null,"modelId":null,"runId":null,"aiTask":null,"attemptCount":null,"inputTokens":null,"outputTokens":null}
# {"timestamp":"2026-10-03T18:27:38.413Z","severity":"INFO","component":"target-api","event":"request_completed","requestId":"4a283c9248b84336b4bd8b0f308af5d6","correlationId":"374137d6-518d-4b2d-9d77-b18f9bea9e1f","deploymentId":"development","tenantId":"t5-7e6e07b6-50f9-4d89-983d-c523c16ef659","moduleId":"knowledge","actorKind":"HUMAN","actorId":"e75f1ea6-cf00-4aa6-86e8-654edcd7e588","sessionId":"b68b9106-6fdf-4eff-a435-74fd47e37307","authorizationVersion":1,"source":"KNOWLEDGE_API","initiatorActorId":"e75f1ea6-cf00-4aa6-86e8-654edcd7e588","status":"200","durationMs":70,"errorClass":null,"method":"POST","route":"/spaces/:id/query","endpointId":null,"modelId":null,"runId":null,"aiTask":null,"attemptCount":null,"inputTokens":null,"outputTokens":null}
# Subtest: real T5 Audit and TLS SIEM delivery preserve correlation, immutability, redaction and restart semantics
    # Subtest: actual upload/processing/index/query evidence reaches a TLS receiver with matching original Session/request
    ok 1 - actual upload/processing/index/query evidence reaches a TLS receiver with matching original Session/request
      ---
      duration_ms: 600.841502
      type: 'test'
      ...
    # Subtest: ordinary API and Worker cannot rewrite Audit or disable mutation evidence; rollback leaves no event/outbox
    ok 2 - ordinary API and Worker cannot rewrite Audit or disable mutation evidence; rollback leaves no event/outbox
      ---
      duration_ms: 11.891054
      type: 'test'
      ...
    # Subtest: lost acknowledgement retries only with stable receiver idempotency; maxAttempts is bounded
    ok 3 - lost acknowledgement retries only with stable receiver idempotency; maxAttempts is bounded
      ---
      duration_ms: 16.050086
      type: 'test'
      ...
    # Subtest: restart recovers an expired claim and stale Worker cannot settle its replacement
    ok 4 - restart recovers an expired claim and stale Worker cannot settle its replacement
      ---
      duration_ms: 5.84607
      type: 'test'
      ...
# {"timestamp":"2026-10-03T18:27:38.595Z","severity":"INFO","component":"ai-router","event":"protected_attempt_completed","requestId":"a8a4ee4f7f204ace9538bd00ff7cdda9","correlationId":"e88ba280-eee8-4e38-aeb7-ba7b7f135063","deploymentId":"development","tenantId":"t5-7e6e07b6-50f9-4d89-983d-c523c16ef659","moduleId":"knowledge","actorKind":"HUMAN","actorId":"e75f1ea6-cf00-4aa6-86e8-654edcd7e588","sessionId":"b68b9106-6fdf-4eff-a435-74fd47e37307","authorizationVersion":1,"source":"KNOWLEDGE_API","initiatorActorId":"e75f1ea6-cf00-4aa6-86e8-654edcd7e588","status":"SUCCEEDED","durationMs":5,"errorClass":null,"method":null,"route":null,"endpointId":"fixture-embed","modelId":"fixture-embedding","runId":"863d63f5-1b5e-4b6a-ab36-742995fdc18d","aiTask":"knowledge.query.embed","attemptCount":1,"inputTokens":3,"outputTokens":0}
# {"timestamp":"2026-10-03T18:27:38.617Z","severity":"INFO","component":"ai-router","event":"protected_attempt_completed","requestId":"a8a4ee4f7f204ace9538bd00ff7cdda9","correlationId":"e88ba280-eee8-4e38-aeb7-ba7b7f135063","deploymentId":"development","tenantId":"t5-7e6e07b6-50f9-4d89-983d-c523c16ef659","moduleId":"knowledge","actorKind":"HUMAN","actorId":"e75f1ea6-cf00-4aa6-86e8-654edcd7e588","sessionId":"b68b9106-6fdf-4eff-a435-74fd47e37307","authorizationVersion":1,"source":"KNOWLEDGE_API","initiatorActorId":"e75f1ea6-cf00-4aa6-86e8-654edcd7e588","status":"SUCCEEDED","durationMs":6,"errorClass":null,"method":null,"route":null,"endpointId":"fixture-rerank","modelId":"fixture-rerank","runId":"77596c8d-e1f5-40f6-8a09-9ff5d375ecba","aiTask":"knowledge.rerank","attemptCount":1,"inputTokens":4,"outputTokens":0}
# {"timestamp":"2026-10-03T18:27:38.630Z","severity":"INFO","component":"ai-router","event":"protected_attempt_completed","requestId":"a8a4ee4f7f204ace9538bd00ff7cdda9","correlationId":"e88ba280-eee8-4e38-aeb7-ba7b7f135063","deploymentId":"development","tenantId":"t5-7e6e07b6-50f9-4d89-983d-c523c16ef659","moduleId":"knowledge","actorKind":"HUMAN","actorId":"e75f1ea6-cf00-4aa6-86e8-654edcd7e588","sessionId":"b68b9106-6fdf-4eff-a435-74fd47e37307","authorizationVersion":1,"source":"KNOWLEDGE_API","initiatorActorId":"e75f1ea6-cf00-4aa6-86e8-654edcd7e588","status":"SUCCEEDED","durationMs":5,"errorClass":null,"method":null,"route":null,"endpointId":"fixture-answer","modelId":"fixture-answer","runId":"3bd2e37a-df12-4740-b01a-7514a0fdddcd","aiTask":"knowledge.answer","attemptCount":1,"inputTokens":10,"outputTokens":6}
# {"timestamp":"2026-10-03T18:27:38.640Z","severity":"INFO","component":"knowledge","event":"query_completed","requestId":"a8a4ee4f7f204ace9538bd00ff7cdda9","correlationId":"e88ba280-eee8-4e38-aeb7-ba7b7f135063","deploymentId":"development","tenantId":"t5-7e6e07b6-50f9-4d89-983d-c523c16ef659","moduleId":"knowledge","actorKind":"HUMAN","actorId":"e75f1ea6-cf00-4aa6-86e8-654edcd7e588","sessionId":"b68b9106-6fdf-4eff-a435-74fd47e37307","authorizationVersion":1,"source":"KNOWLEDGE_API","initiatorActorId":"e75f1ea6-cf00-4aa6-86e8-654edcd7e588","status":"SUCCEEDED","durationMs":54,"errorClass":null,"method":null,"route":null,"endpointId":null,"modelId":null,"runId":null,"aiTask":null,"attemptCount":null,"inputTokens":null,"outputTokens":null}
# {"timestamp":"2026-10-03T18:27:38.640Z","severity":"INFO","component":"target-api","event":"request_completed","requestId":"a8a4ee4f7f204ace9538bd00ff7cdda9","correlationId":"e88ba280-eee8-4e38-aeb7-ba7b7f135063","deploymentId":"development","tenantId":"t5-7e6e07b6-50f9-4d89-983d-c523c16ef659","moduleId":"knowledge","actorKind":"HUMAN","actorId":"e75f1ea6-cf00-4aa6-86e8-654edcd7e588","sessionId":"b68b9106-6fdf-4eff-a435-74fd47e37307","authorizationVersion":1,"source":"KNOWLEDGE_API","initiatorActorId":"e75f1ea6-cf00-4aa6-86e8-654edcd7e588","status":"200","durationMs":58,"errorClass":null,"method":"POST","route":"/spaces/:id/query","endpointId":null,"modelId":null,"runId":null,"aiTask":null,"attemptCount":null,"inputTokens":null,"outputTokens":null}
    # Subtest: optional SIEM outage leaves real RAG successful and NONE guarantees never blindly repeat UNKNOWN
    ok 5 - optional SIEM outage leaves real RAG successful and NONE guarantees never blindly repeat UNKNOWN
      ---
      duration_ms: 101.093425
      type: 'test'
      ...
    # Subtest: sensitive contents, prompts, answers and locators are absent from exported/canonical evidence
    ok 6 - sensitive contents, prompts, answers and locators are absent from exported/canonical evidence
      ---
      duration_ms: 14.208623
      type: 'test'
      ...
    1..6
ok 1 - real T5 Audit and TLS SIEM delivery preserve correlation, immutability, redaction and restart semantics
  ---
  duration_ms: 1513.170112
  type: 'test'
  ...
1..1
# tests 7
# suites 0
# pass 7
# fail 0
# cancelled 0
# skipped 0
# todo 0
# duration_ms 2982.846324
